2026-03-27T21:34:47.210Z webhook_health_check {}
2026-03-27T21:34:52.865Z webhook_health_check {}
2026-03-27T21:34:57.866Z webhook_health_check {}
2026-03-27T21:35:02.868Z webhook_health_check {}
2026-03-27T21:35:07.202Z webhook_health_check {}
2026-03-27T21:35:12.208Z webhook_health_check {}
2026-03-27T21:35:17.202Z webhook_health_check {}
2026-03-27T21:35:22.857Z webhook_health_check {}
2026-03-27T21:35:27.865Z webhook_health_check {}
2026-03-27T21:35:32.869Z webhook_health_check {}
2026-03-27T21:35:37.862Z webhook_health_check {}
2026-03-27T21:35:42.859Z webhook_health_check {}
2026-03-27T21:35:47.863Z webhook_health_check {}
2026-03-27T21:35:52.863Z webhook_health_check {}
2026-03-27T21:35:56.906Z webhook_health_check {}
2026-03-27T21:35:57.861Z webhook_health_check {}
2026-03-27T21:36:02.876Z webhook_health_check {}
2026-03-27T21:36:02.888Z webhook_health_check {}
2026-03-27T21:36:07.860Z webhook_health_check {}
2026-03-27T21:36:07.862Z webhook_health_check {}
2026-03-27T21:36:12.871Z webhook_health_check {}
2026-03-27T21:36:12.874Z webhook_health_check {}
2026-03-27T21:36:17.875Z webhook_health_check {}
2026-03-27T21:36:17.877Z webhook_health_check {}
2026-03-27T21:36:22.866Z webhook_health_check {}
2026-03-27T21:36:22.869Z webhook_health_check {}
2026-03-27T21:36:27.862Z webhook_health_check {}
2026-03-27T21:36:27.864Z webhook_health_check {}
2026-03-27T21:36:32.872Z webhook_health_check {}
2026-03-27T21:36:32.874Z webhook_health_check {}
2026-03-27T21:36:37.874Z webhook_health_check {}
2026-03-27T21:36:37.877Z webhook_health_check {}
2026-03-27T21:36:42.868Z webhook_health_check {}
2026-03-27T21:36:42.870Z webhook_health_check {}
2026-03-27T21:36:47.865Z webhook_health_check {}
2026-03-27T21:36:47.868Z webhook_health_check {}
2026-03-27T21:36:52.863Z webhook_health_check {}
2026-03-27T21:36:52.865Z webhook_health_check {}
2026-03-27T21:36:57.865Z webhook_health_check {}
2026-03-27T21:37:02.868Z webhook_health_check {}
2026-03-27T21:37:07.863Z webhook_health_check {}
2026-03-27T21:37:12.854Z webhook_health_check {}
2026-03-27T21:37:17.865Z webhook_health_check {}
2026-03-27T21:37:22.868Z webhook_health_check {}
2026-03-27T21:37:27.863Z webhook_health_check {}
2026-03-27T21:37:32.862Z webhook_health_check {}
2026-03-27T21:37:37.865Z webhook_health_check {}
2026-03-27T21:37:39.863Z webhook_health_check {}
2026-03-27T21:37:42.859Z webhook_health_check {}
2026-03-27T21:37:47.866Z webhook_health_check {}
2026-03-27T21:37:52.860Z webhook_health_check {}
2026-03-27T21:37:57.861Z webhook_health_check {}
2026-03-27T21:38:02.867Z webhook_health_check {}
2026-03-27T21:38:07.863Z webhook_health_check {}
2026-03-27T21:38:12.865Z webhook_health_check {}
2026-03-27T21:38:17.856Z webhook_health_check {}
2026-03-27T21:38:22.862Z webhook_health_check {}
2026-03-27T21:38:27.867Z webhook_health_check {}
2026-03-27T21:38:32.862Z webhook_health_check {}
2026-03-27T21:38:37.856Z webhook_health_check {}
2026-03-27T21:38:39.885Z webhook_health_check {}
2026-03-27T21:38:42.864Z webhook_health_check {}
2026-03-27T21:38:47.863Z webhook_health_check {}
2026-03-27T21:38:52.858Z webhook_health_check {}
2026-03-27T21:38:57.860Z webhook_health_check {}
2026-03-27T21:39:02.865Z webhook_health_check {}
2026-03-27T21:39:07.856Z webhook_health_check {}
2026-03-27T21:39:12.864Z webhook_health_check {}
2026-03-27T21:39:17.862Z webhook_health_check {}
2026-03-27T21:39:22.861Z webhook_health_check {}
2026-03-27T21:39:27.860Z webhook_health_check {}
2026-03-27T21:39:32.865Z webhook_health_check {}
2026-03-27T21:39:37.858Z webhook_health_check {}
2026-03-27T21:39:39.862Z webhook_health_check {}
2026-03-27T21:39:42.859Z webhook_health_check {}
2026-03-27T21:39:47.858Z webhook_health_check {}
2026-03-27T21:39:52.862Z webhook_health_check {}
2026-03-27T21:39:57.859Z webhook_health_check {}
2026-03-27T21:40:02.864Z webhook_health_check {}
2026-03-27T21:40:07.860Z webhook_health_check {}
2026-03-27T21:40:12.867Z webhook_health_check {}
2026-03-27T21:40:17.866Z webhook_health_check {}
2026-03-27T21:40:22.858Z webhook_health_check {}
2026-03-27T21:40:27.865Z webhook_health_check {}
2026-03-27T21:40:32.857Z webhook_health_check {}
2026-03-27T21:40:37.858Z webhook_health_check {}
2026-03-27T21:40:39.873Z webhook_health_check {}
2026-03-27T21:40:42.870Z webhook_health_check {}
2026-03-27T21:40:47.867Z webhook_health_check {}
2026-03-27T21:40:52.864Z webhook_health_check {}
2026-03-27T21:40:57.862Z webhook_health_check {}
2026-03-27T21:41:39.875Z webhook_health_check {}
2026-03-27T21:41:39.890Z webhook_health_check {}
2026-03-27T21:42:39.875Z webhook_health_check {}
2026-03-27T21:42:39.878Z webhook_health_check {}
2026-03-27T21:43:39.878Z webhook_health_check {}
2026-03-27T21:43:39.887Z webhook_health_check {}
2026-03-27T21:43:54.511Z webhook_post_received {"isLocalTest":false,"object":"page","entryCount":1}
2026-03-27T21:43:54.511Z webhook_event_seen {"senderId":"34343437151967118","hasMessage":true,"hasText":true,"isEcho":false,"hasAttachments":false}
2026-03-27T21:43:54.512Z incoming_message {"senderId":"34343437151967118","text":"გამარჯობა"}
2026-03-27T21:43:55.302Z webhook_health_check {}
2026-03-27T21:43:55.739Z webhook_health_check {}
2026-03-27T21:43:56.909Z webhook_health_check {}
2026-03-27T21:43:57.213Z webhook_health_check {}
2026-03-27T21:44:01.916Z webhook_health_check {}
2026-03-27T21:44:02.865Z webhook_health_check {}
2026-03-27T21:44:07.867Z webhook_health_check {}
2026-03-27T21:44:07.871Z webhook_health_check {}
2026-03-27T21:44:12.879Z webhook_health_check {}
2026-03-27T21:44:12.895Z webhook_health_check {}
2026-03-27T21:44:14.835Z webhook_post_received {"isLocalTest":false,"object":"page","entryCount":1}
2026-03-27T21:44:14.835Z webhook_event_seen {"senderId":"34343437151967118","hasMessage":true,"hasText":true,"isEcho":false,"hasAttachments":false}
2026-03-27T21:44:14.836Z incoming_message {"senderId":"34343437151967118","text":"გამარჯობა"}
2026-03-27T21:44:17.866Z webhook_health_check {}
2026-03-27T21:44:17.868Z webhook_health_check {}
2026-03-27T21:44:22.893Z webhook_health_check {}
2026-03-27T21:44:22.908Z webhook_health_check {}
2026-03-27T21:44:27.927Z webhook_health_check {}
2026-03-27T21:44:27.931Z webhook_health_check {}
2026-03-27T21:44:32.874Z webhook_health_check {}
2026-03-27T21:44:32.880Z webhook_health_check {}
2026-03-27T21:44:34.980Z ai_reply_ready {"senderId":"34343437151967118","text":"გამარჯობა! როგორ შემიძლია დაგეხმაროთ?"}
2026-03-27T21:44:35.549Z webhook_post_received {"isLocalTest":false,"object":"page","entryCount":1}
2026-03-27T21:44:35.549Z webhook_event_seen {"senderId":"34343437151967118","hasMessage":true,"hasText":true,"isEcho":false,"hasAttachments":false}
2026-03-27T21:44:35.550Z incoming_message {"senderId":"34343437151967118","text":"გამარჯობა"}
2026-03-27T21:44:36.662Z facebook_send_success {"recipientId":"34343437151967118","messageId":"m_04rjRgyvIvQsqsluF340huzIa-hjFu4kLh52mDrEJG3Bt2LUal9Y4vay6THLBV5G8Lud-6E9JqwxAqe0ZdHjzQ","recipientIdReturned":"34343437151967118"}
2026-03-27T21:44:36.664Z facebook_reply_sent {"senderId":"34343437151967118"}
2026-03-27T21:44:37.878Z webhook_health_check {}
2026-03-27T21:44:37.906Z webhook_health_check {}
2026-03-27T21:44:42.879Z webhook_health_check {}
2026-03-27T21:44:42.891Z webhook_health_check {}
2026-03-27T21:44:47.918Z webhook_health_check {}
2026-03-27T21:44:47.933Z webhook_health_check {}
2026-03-27T21:44:48.233Z ai_reply_ready {"senderId":"34343437151967118","text":"გამარჯობა! რით შეგიძლია დაგეხმაროთ?"}
2026-03-27T21:44:49.360Z facebook_send_success {"recipientId":"34343437151967118","messageId":"m_Keo5bgUSoJ4v-tJDUR5VDuzIa-hjFu4kLh52mDrEJG1Cpow_aSy6lnJhARYQHiz16wopLLpOuI5xw-g8Q0-GUg","recipientIdReturned":"34343437151967118"}
2026-03-27T21:44:49.362Z facebook_reply_sent {"senderId":"34343437151967118"}
2026-03-27T21:44:52.890Z webhook_health_check {}
2026-03-27T21:44:52.894Z webhook_health_check {}
2026-03-27T21:44:53.380Z webhook_post_received {"isLocalTest":false,"object":"page","entryCount":1}
2026-03-27T21:44:53.381Z webhook_event_seen {"senderId":"34343437151967118","hasMessage":true,"hasText":true,"isEcho":false,"hasAttachments":false}
2026-03-27T21:44:53.382Z incoming_message {"senderId":"34343437151967118","text":"ვისვწერ"}
2026-03-27T21:44:56.138Z webhook_post_received {"isLocalTest":false,"object":"page","entryCount":1}
2026-03-27T21:44:56.138Z webhook_event_seen {"senderId":"34343437151967118","hasMessage":true,"hasText":true,"isEcho":false,"hasAttachments":false}
2026-03-27T21:44:56.139Z incoming_message {"senderId":"34343437151967118","text":"გამარჯობა"}
2026-03-27T21:44:57.867Z webhook_health_check {}
2026-03-27T21:44:57.873Z webhook_health_check {}
2026-03-27T21:45:02.882Z webhook_health_check {}
2026-03-27T21:45:07.863Z webhook_health_check {}
2026-03-27T21:45:12.860Z webhook_health_check {}
2026-03-27T21:45:16.241Z ai_reply_ready {"senderId":"34343437151967118","text":"გამარჯობა! რით შემიძლია დაგეხმაროთ?"}
2026-03-27T21:45:16.790Z webhook_post_received {"isLocalTest":false,"object":"page","entryCount":1}
2026-03-27T21:45:16.790Z webhook_event_seen {"senderId":"34343437151967118","hasMessage":true,"hasText":true,"isEcho":false,"hasAttachments":false}
2026-03-27T21:45:16.791Z incoming_message {"senderId":"34343437151967118","text":"გამარჯობა"}
2026-03-27T21:45:17.329Z facebook_send_success {"recipientId":"34343437151967118","messageId":"m_viTXrXPfV2g4iC1Lj-uRP-zIa-hjFu4kLh52mDrEJG1LF0sPBhsfuO-rWa_n7N_pUEgcNThlj_NjhfTZinhHqA","recipientIdReturned":"34343437151967118"}
2026-03-27T21:45:17.330Z facebook_reply_sent {"senderId":"34343437151967118"}
2026-03-27T21:45:17.872Z webhook_health_check {}
2026-03-27T21:45:22.869Z webhook_health_check {}
2026-03-27T21:45:26.158Z webhook_health_check {}
2026-03-27T21:45:26.923Z webhook_health_check {}
2026-03-27T21:45:27.869Z webhook_health_check {}
2026-03-27T21:45:32.881Z webhook_health_check {}
2026-03-27T21:45:32.912Z webhook_health_check {}
2026-03-27T21:45:37.808Z webhook_post_received {"isLocalTest":false,"object":"page","entryCount":1}
2026-03-27T21:45:37.808Z webhook_event_seen {"senderId":"34343437151967118","hasMessage":true,"hasText":true,"isEcho":false,"hasAttachments":false}
2026-03-27T21:45:37.811Z incoming_message {"senderId":"34343437151967118","text":"გამარჯობა"}
2026-03-27T21:45:37.875Z webhook_health_check {}
2026-03-27T21:45:37.879Z webhook_health_check {}
2026-03-27T21:45:42.913Z webhook_health_check {}
2026-03-27T21:45:42.946Z webhook_health_check {}
2026-03-27T21:45:47.869Z webhook_health_check {}
2026-03-27T21:45:47.881Z webhook_health_check {}
2026-03-27T21:45:52.877Z webhook_health_check {}
2026-03-27T21:45:52.884Z webhook_health_check {}
2026-03-27T21:45:57.867Z webhook_health_check {}
2026-03-27T21:45:57.884Z webhook_health_check {}
2026-03-27T21:45:59.524Z webhook_post_received {"isLocalTest":false,"object":"page","entryCount":1}
2026-03-27T21:45:59.525Z webhook_event_seen {"senderId":"34343437151967118","hasMessage":true,"hasText":true,"isEcho":false,"hasAttachments":false}
2026-03-27T21:45:59.526Z incoming_message {"senderId":"34343437151967118","text":"გამარჯობა"}
2026-03-27T21:46:02.895Z webhook_health_check {}
2026-03-27T21:46:02.900Z webhook_health_check {}
2026-03-27T21:46:07.869Z webhook_health_check {}
2026-03-27T21:46:07.873Z webhook_health_check {}
2026-03-27T21:46:12.879Z webhook_health_check {}
2026-03-27T21:46:12.883Z webhook_health_check {}
2026-03-27T21:46:17.875Z webhook_health_check {}
2026-03-27T21:46:17.883Z webhook_health_check {}
2026-03-27T21:46:22.866Z webhook_health_check {}
2026-03-27T21:46:22.873Z webhook_health_check {}
2026-03-27T21:46:27.585Z ai_reply_ready {"senderId":"34343437151967118","text":"რა საკითხზე გჭირდება დახმარება? შეგიძლიათ მოგვწეროთ მეტი შეტყობინება?"}
2026-03-27T21:46:27.875Z webhook_health_check {}
2026-03-27T21:46:28.615Z facebook_send_success {"recipientId":"34343437151967118","messageId":"m_nNndQObn5POUINdGZxEB-OzIa-hjFu4kLh52mDrEJG0tKFI3Dv2KHGDHr055D5iyS8RUGsf3bAExd8qBvuy3Mg","recipientIdReturned":"34343437151967118"}
2026-03-27T21:46:28.616Z facebook_reply_sent {"senderId":"34343437151967118"}
2026-03-27T21:46:29.237Z webhook_post_received {"isLocalTest":false,"object":"page","entryCount":1}
2026-03-27T21:46:29.237Z webhook_event_seen {"senderId":"34343437151967118","hasMessage":true,"hasText":true,"isEcho":false,"hasAttachments":false}
2026-03-27T21:46:29.238Z incoming_message {"senderId":"34343437151967118","text":"გამარჯობა"}
2026-03-27T21:46:32.867Z webhook_health_check {}
2026-03-27T21:46:37.366Z webhook_health_check {}
2026-03-27T21:46:37.737Z webhook_health_check {}
2026-03-27T21:46:42.183Z ai_reply_ready {"senderId":"34343437151967118","text":"გამარჯობა! რაში შეიძლება დაგეხმარო?"}
2026-03-27T21:46:42.212Z webhook_health_check {}
2026-03-27T21:46:42.873Z webhook_health_check {}
2026-03-27T21:46:43.242Z facebook_send_success {"recipientId":"34343437151967118","messageId":"m_Of_1SeTan1kJ0bdQ9rZQnOzIa-hjFu4kLh52mDrEJG0TY7u6FuSHHA0ayujufvSLECTJBXZd_pPAYjic58P9Ng","recipientIdReturned":"34343437151967118"}
2026-03-27T21:46:43.243Z facebook_reply_sent {"senderId":"34343437151967118"}
2026-03-27T21:46:47.870Z webhook_health_check {}
2026-03-27T21:46:47.873Z webhook_health_check {}
2026-03-27T21:46:52.863Z webhook_health_check {}
2026-03-27T21:46:52.867Z webhook_health_check {}
2026-03-27T21:46:57.875Z webhook_health_check {}
2026-03-27T21:46:57.880Z webhook_health_check {}
2026-03-27T21:46:59.008Z ai_reply_ready {"senderId":"34343437151967118","text":"გამარჯობა! რაში შემიძლია დაგეხმაროთ?"}
2026-03-27T21:47:00.064Z facebook_send_success {"recipientId":"34343437151967118","messageId":"m_eyON0CsdxFXV5GnOYPER-ezIa-hjFu4kLh52mDrEJG3-J8ZhEYB05wZqogFiGbjikkMG3IyTWPr8EAX7VrsMnQ","recipientIdReturned":"34343437151967118"}
2026-03-27T21:47:00.065Z facebook_reply_sent {"senderId":"34343437151967118"}
2026-03-27T21:47:02.206Z webhook_health_check {}
2026-03-27T21:47:02.884Z webhook_health_check {}
2026-03-27T21:47:07.876Z webhook_health_check {}
2026-03-27T21:47:07.880Z webhook_health_check {}
2026-03-27T21:47:11.908Z webhook_health_check {}
2026-03-27T21:47:12.861Z webhook_health_check {}
2026-03-27T21:47:16.906Z webhook_health_check {}
2026-03-27T21:47:17.871Z webhook_health_check {}
2026-03-27T21:47:18.751Z ai_reply_ready {"senderId":"34343437151967118","text":"გამარჯობა! რაში შემიძლია დაგეხმაროთ?"}
2026-03-27T21:47:19.818Z facebook_send_success {"recipientId":"34343437151967118","messageId":"m_wHe349RVAotywxF25KMuZezIa-hjFu4kLh52mDrEJG2zDswzBmf-7FYP9RksHi2vUO5VW84e0Xl75YqdfrUNdw","recipientIdReturned":"34343437151967118"}
2026-03-27T21:47:19.819Z facebook_reply_sent {"senderId":"34343437151967118"}
2026-03-27T21:47:20.587Z webhook_post_received {"isLocalTest":false,"object":"page","entryCount":1}
2026-03-27T21:47:20.588Z webhook_event_seen {"senderId":"34343437151967118","hasMessage":true,"hasText":true,"isEcho":false,"hasAttachments":false}
2026-03-27T21:47:20.589Z incoming_message {"senderId":"34343437151967118","text":"გამარჯობა"}
2026-03-27T21:47:22.875Z webhook_health_check {}
2026-03-27T21:47:22.878Z webhook_health_check {}
2026-03-27T21:47:27.859Z webhook_health_check {}
2026-03-27T21:47:27.871Z webhook_health_check {}
2026-03-27T21:47:30.756Z ai_reply_ready {"senderId":"34343437151967118","text":"გამარჯობა! რით მ გელოდები?"}
2026-03-27T21:47:31.810Z facebook_send_success {"recipientId":"34343437151967118","messageId":"m_ZF1DuZ_SB0pg9VIaBNSFHezIa-hjFu4kLh52mDrEJG2MV5xLnZZrCM157BrvjySpcw1Zl7mu8EnryuaGqzGRAA","recipientIdReturned":"34343437151967118"}
2026-03-27T21:47:31.811Z facebook_reply_sent {"senderId":"34343437151967118"}
2026-03-27T21:47:32.878Z webhook_health_check {}
2026-03-27T21:47:32.883Z webhook_health_check {}
2026-03-27T21:47:33.412Z webhook_post_received {"isLocalTest":false,"object":"page","entryCount":1}
2026-03-27T21:47:33.425Z webhook_event_seen {"senderId":"34343437151967118","hasMessage":true,"hasText":true,"isEcho":false,"hasAttachments":false}
2026-03-27T21:47:33.426Z incoming_message {"senderId":"34343437151967118","text":"გამარჯობა რის მაღაზიას ვწერ"}
2026-03-27T21:47:37.863Z webhook_health_check {}
2026-03-27T21:47:37.865Z webhook_health_check {}
2026-03-27T21:47:42.606Z ai_reply_ready {"senderId":"34343437151967118","text":"გამარჯობა! როგორ შემიძლია დაგეხმაროთ?"}
2026-03-27T21:47:42.865Z webhook_health_check {}
2026-03-27T21:47:42.869Z webhook_health_check {}
2026-03-27T21:47:43.654Z facebook_send_success {"recipientId":"34343437151967118","messageId":"m_NlMcd9GsBQr9Y9qd5AkL9uzIa-hjFu4kLh52mDrEJG19kMZhW8yXljfV4JbAbVVkbaSAFY6ndOKaF66SxhsHCw","recipientIdReturned":"34343437151967118"}
2026-03-27T21:47:43.655Z facebook_reply_sent {"senderId":"34343437151967118"}
2026-03-27T21:47:47.868Z webhook_health_check {}
2026-03-27T21:47:47.870Z webhook_health_check {}
2026-03-27T21:47:52.869Z webhook_health_check {}
2026-03-27T21:47:52.872Z webhook_health_check {}
2026-03-27T21:47:56.067Z ai_reply_ready {"senderId":"34343437151967118","text":"გამარჯობა! რაში ვემ შეძლო ეხმაროთ?"}
2026-03-27T21:47:56.855Z facebook_send_success {"recipientId":"34343437151967118","messageId":"m_3M0BqvdV_S61ow6sVAsB8ezIa-hjFu4kLh52mDrEJG25jodlNT1JT_zoBj1PF1ZFP3o2BDNCgelL9B2ehbw42w","recipientIdReturned":"34343437151967118"}
2026-03-27T21:47:56.856Z facebook_reply_sent {"senderId":"34343437151967118"}
2026-03-27T21:47:57.879Z webhook_health_check {}
2026-03-27T21:47:57.883Z webhook_health_check {}
2026-03-27T21:48:02.880Z webhook_health_check {}
2026-03-27T21:48:07.866Z webhook_health_check {}
2026-03-27T21:48:10.540Z ai_reply_ready {"senderId":"34343437151967118","text":"გამარჯობა! თქვენ გაქვთ შეტყობინება Yumade-ის, ქართული ონლაინ მაღაზიისგან."}
2026-03-27T21:48:11.602Z facebook_send_success {"recipientId":"34343437151967118","messageId":"m_0Wma03XpFcD7rNW6ATaBE-zIa-hjFu4kLh52mDrEJG08zr1f8u0RwtlpkzpMC4O4XSaiirrtA4jmyCSJ_MHO8g","recipientIdReturned":"34343437151967118"}
2026-03-27T21:48:11.603Z facebook_reply_sent {"senderId":"34343437151967118"}
2026-03-27T21:48:12.868Z webhook_health_check {}
2026-03-27T21:48:17.866Z webhook_health_check {}
2026-03-27T21:48:22.857Z webhook_health_check {}
2026-03-27T21:48:27.865Z webhook_health_check {}
2026-03-27T21:48:32.868Z webhook_health_check {}
2026-03-27T21:48:37.860Z webhook_health_check {}
2026-03-27T21:48:39.864Z webhook_health_check {}
2026-03-27T21:48:40.834Z webhook_health_check {}
2026-03-27T21:48:42.859Z webhook_health_check {}
2026-03-27T21:48:45.894Z webhook_health_check {}
2026-03-27T21:48:47.868Z webhook_health_check {}
2026-03-27T21:48:50.856Z webhook_health_check {}
2026-03-27T21:48:52.868Z webhook_health_check {}
2026-03-27T21:48:53.119Z webhook_post_received {"isLocalTest":false,"object":"page","entryCount":1}
2026-03-27T21:48:53.119Z webhook_event_seen {"senderId":"34343437151967118","hasMessage":true,"hasText":true,"isEcho":false,"hasAttachments":false}
2026-03-27T21:48:53.120Z incoming_message {"senderId":"34343437151967118","text":"გამარჯობა"}
2026-03-27T21:48:55.870Z webhook_health_check {}
2026-03-27T21:48:57.871Z webhook_health_check {}
2026-03-27T21:49:00.283Z ai_reply_ready {"senderId":"34343437151967118","text":"გამარჯობა! איך אפשר לעזור לך היום?"}
2026-03-27T21:49:00.886Z webhook_health_check {}
2026-03-27T21:49:01.465Z facebook_send_success {"recipientId":"34343437151967118","messageId":"m_Yhb3fUHsVX4tsenzFgQ9P-zIa-hjFu4kLh52mDrEJG01YtAl7kDcadJNxfSVHXNptQHYPPKfOyYoRwnor2GhBg","recipientIdReturned":"34343437151967118"}
2026-03-27T21:49:01.466Z facebook_reply_sent {"senderId":"34343437151967118"}
2026-03-27T21:49:02.391Z webhook_post_received {"isLocalTest":false,"object":"page","entryCount":1}
2026-03-27T21:49:02.391Z webhook_event_seen {"senderId":"34343437151967118","hasMessage":true,"hasText":true,"isEcho":false,"hasAttachments":false}
2026-03-27T21:49:02.392Z incoming_message {"senderId":"34343437151967118","text":"ვისვწერ"}
2026-03-27T21:49:02.872Z webhook_health_check {}
2026-03-27T21:49:05.880Z webhook_health_check {}
2026-03-27T21:49:07.869Z webhook_health_check {}
2026-03-27T21:49:10.888Z webhook_health_check {}
2026-03-27T21:49:12.882Z webhook_health_check {}
2026-03-27T21:49:15.918Z webhook_health_check {}
2026-03-27T21:49:17.869Z webhook_health_check {}
2026-03-27T21:49:20.861Z webhook_health_check {}
2026-03-27T21:49:22.870Z webhook_health_check {}
2026-03-27T21:49:22.914Z webhook_post_received {"isLocalTest":false,"object":"page","entryCount":1}
2026-03-27T21:49:22.914Z webhook_event_seen {"senderId":"34343437151967118","hasMessage":true,"hasText":true,"isEcho":false,"hasAttachments":false}
2026-03-27T21:49:22.915Z duplicate_message_ignored {"senderId":"34343437151967118","messageId":"m_8tAsDYuI5BVlBPqYPz4ECuzIa-hjFu4kLh52mDrEJG36SeN5Mn4a182Zlx6yNOBB33d2812yh9-zFwrgaXWdJA","text":"ვისვწერ"}
2026-03-27T21:49:24.672Z webhook_post_received {"isLocalTest":false,"object":"page","entryCount":1}
2026-03-27T21:49:24.673Z webhook_event_seen {"senderId":"34343437151967118","hasMessage":true,"hasText":true,"isEcho":false,"hasAttachments":false}
2026-03-27T21:49:24.676Z incoming_message {"senderId":"34343437151967118","text":"გამარჯობა რის მაღაზიას ვწერ"}
2026-03-27T21:49:25.871Z webhook_health_check {}
2026-03-27T21:49:27.879Z webhook_health_check {}
2026-03-27T21:49:30.861Z webhook_health_check {}
2026-03-27T21:49:32.861Z webhook_health_check {}
2026-03-27T21:49:35.865Z webhook_health_check {}
2026-03-27T21:49:37.862Z webhook_health_check {}
2026-03-27T21:49:39.873Z webhook_health_check {}
2026-03-27T21:49:40.866Z webhook_health_check {}
2026-03-27T21:49:41.341Z ai_reply_ready {"senderId":"34343437151967118","text":"გამარჯობა!  \nთუ გაქვთ შეკითხვა ან გსურთ დამატებითი ინფორმაციის მიღება, შეგიძლიათ დაგვიკავშირდეთ:\n\n- **ტელეფონი**: +995 555 123456  \n- **ელ‑ფოსტა**: support@yumade.ge  \n- **საიტი**: www.yumade.ge (ჩანს “კონტაქტი” განყოფილება)\n\nგთხოვთ, მოგვწეროთ თქვენი მოთხოვნა – მოხარული ვიქნებით დაგეხმაროთ!"}
2026-03-27T21:49:42.462Z facebook_send_success {"recipientId":"34343437151967118","messageId":"m_t0oEaxfFEXRnpcJTulRYu-zIa-hjFu4kLh52mDrEJG0nOhaX3kJdhP-4IW55RhfiKZnloDJWUpjajoA2EV1fWQ","recipientIdReturned":"34343437151967118"}
2026-03-27T21:49:42.464Z facebook_reply_sent {"senderId":"34343437151967118"}
2026-03-27T21:49:42.865Z webhook_health_check {}
2026-03-27T21:49:44.513Z webhook_post_received {"isLocalTest":false,"object":"page","entryCount":1}
2026-03-27T21:49:44.513Z webhook_event_seen {"senderId":"34343437151967118","hasMessage":true,"hasText":true,"isEcho":false,"hasAttachments":false}
2026-03-27T21:49:44.514Z duplicate_message_ignored {"senderId":"34343437151967118","messageId":"m_BA6lyv7ZQKw6_1dsY2I-CuzIa-hjFu4kLh52mDrEJG3wkpdA-dn4HvAXlp2NpniAg1-6sOtRKmMVI2TcggGPqA","text":"გამარჯობა რის მაღაზიას ვწერ"}
2026-03-27T21:49:45.868Z webhook_health_check {}
2026-03-27T21:49:47.876Z webhook_health_check {}
2026-03-27T21:49:50.860Z webhook_health_check {}
2026-03-27T21:49:52.866Z webhook_health_check {}
2026-03-27T21:49:55.864Z webhook_health_check {}
2026-03-27T21:49:57.927Z webhook_health_check {}
2026-03-27T21:50:00.941Z webhook_health_check {}
2026-03-27T21:50:02.875Z webhook_health_check {}
2026-03-27T21:50:05.894Z webhook_health_check {}
2026-03-27T21:50:07.859Z webhook_health_check {}
2026-03-27T21:50:10.757Z ai_reply_ready {"senderId":"34343437151967118","text":"გამარჯობა! თქვენ მორთული ხართ Yumade ონლაინ მაღაზიაში.  თუ რამე შეკითხვა გაქვთ, სიამოვნებით დაგეხმარებით!"}
2026-03-27T21:50:10.869Z webhook_health_check {}
2026-03-27T21:50:11.844Z facebook_send_success {"recipientId":"34343437151967118","messageId":"m_f427bzsrR3goMYdkt2oX-ezIa-hjFu4kLh52mDrEJG0adJIlGkYaX13RpbnjT0HWjCEvwrPHKfkdNpbXnuK4zA","recipientIdReturned":"34343437151967118"}
2026-03-27T21:50:11.844Z facebook_reply_sent {"senderId":"34343437151967118"}
2026-03-27T21:50:12.862Z webhook_health_check {}
2026-03-27T21:50:15.862Z webhook_health_check {}
2026-03-27T21:50:17.869Z webhook_health_check {}
2026-03-27T21:50:20.858Z webhook_health_check {}
2026-03-27T21:50:22.869Z webhook_health_check {}
2026-03-27T21:50:25.854Z webhook_health_check {}
2026-03-27T21:50:27.859Z webhook_health_check {}
2026-03-27T21:50:30.862Z webhook_health_check {}
2026-03-27T21:50:32.866Z webhook_health_check {}
2026-03-27T21:50:35.863Z webhook_health_check {}
2026-03-27T21:50:37.860Z webhook_health_check {}
2026-03-27T21:50:39.859Z webhook_health_check {}
2026-03-27T21:50:40.859Z webhook_health_check {}
2026-03-27T21:50:42.856Z webhook_health_check {}
2026-03-27T21:50:45.871Z webhook_health_check {}
2026-03-27T21:50:47.867Z webhook_health_check {}
2026-03-27T21:50:50.866Z webhook_health_check {}
2026-03-27T21:50:52.867Z webhook_health_check {}
2026-03-27T21:50:55.861Z webhook_health_check {}
2026-03-27T21:50:57.857Z webhook_health_check {}
2026-03-27T21:51:00.869Z webhook_health_check {}
2026-03-27T21:51:02.867Z webhook_health_check {}
2026-03-27T21:51:05.864Z webhook_health_check {}
2026-03-27T21:51:07.863Z webhook_health_check {}
2026-03-27T21:51:10.868Z webhook_health_check {}
2026-03-27T21:51:12.863Z webhook_health_check {}
2026-03-27T21:51:15.863Z webhook_health_check {}
2026-03-27T21:51:17.872Z webhook_health_check {}
2026-03-27T21:51:20.873Z webhook_health_check {}
2026-03-27T21:51:22.859Z webhook_health_check {}
2026-03-27T21:51:25.859Z webhook_health_check {}
2026-03-27T21:51:27.860Z webhook_health_check {}
2026-03-27T21:51:30.866Z webhook_health_check {}
2026-03-27T21:51:32.857Z webhook_health_check {}
2026-03-27T21:51:35.867Z webhook_health_check {}
2026-03-27T21:51:37.862Z webhook_health_check {}
2026-03-27T21:51:39.863Z webhook_health_check {}
2026-03-27T21:51:40.857Z webhook_health_check {}
2026-03-27T21:51:42.855Z webhook_health_check {}
2026-03-27T21:51:45.860Z webhook_health_check {}
2026-03-27T21:51:47.860Z webhook_health_check {}
2026-03-27T21:51:50.870Z webhook_health_check {}
2026-03-27T21:51:52.866Z webhook_health_check {}
2026-03-27T21:51:55.865Z webhook_health_check {}
2026-03-27T21:51:57.862Z webhook_health_check {}
2026-03-27T21:52:00.864Z webhook_health_check {}
2026-03-27T21:52:02.853Z webhook_health_check {}
2026-03-27T21:52:05.862Z webhook_health_check {}
2026-03-27T21:52:07.856Z webhook_health_check {}
2026-03-27T21:52:10.867Z webhook_health_check {}
2026-03-27T21:52:12.867Z webhook_health_check {}
2026-03-27T21:52:15.876Z webhook_health_check {}
2026-03-27T21:52:17.858Z webhook_health_check {}
2026-03-27T21:52:20.863Z webhook_health_check {}
2026-03-27T21:52:25.861Z webhook_health_check {}
2026-03-27T21:52:30.865Z webhook_health_check {}
2026-03-27T21:52:35.866Z webhook_health_check {}
2026-03-27T21:52:39.870Z webhook_health_check {}
2026-03-27T21:52:39.874Z webhook_health_check {}
2026-03-27T21:52:40.869Z webhook_health_check {}
2026-03-27T21:52:45.871Z webhook_health_check {}
2026-03-27T21:52:50.877Z webhook_health_check {}
2026-03-27T21:52:55.869Z webhook_health_check {}
2026-03-27T21:53:00.874Z webhook_health_check {}
2026-03-27T21:53:05.859Z webhook_health_check {}
2026-03-27T21:53:10.855Z webhook_health_check {}
2026-03-27T21:53:15.870Z webhook_health_check {}
2026-03-27T21:53:20.863Z webhook_health_check {}
2026-03-27T21:53:25.856Z webhook_health_check {}
2026-03-27T21:53:30.857Z webhook_health_check {}
2026-03-27T21:53:35.863Z webhook_health_check {}
2026-03-27T21:53:39.870Z webhook_health_check {}
2026-03-27T21:53:39.872Z webhook_health_check {}
2026-03-27T21:53:40.865Z webhook_health_check {}
2026-03-27T21:53:45.869Z webhook_health_check {}
2026-03-27T21:55:04.024Z webhook_post_received {"isLocalTest":true,"object":"page","entryCount":1}
2026-03-27T21:55:04.024Z webhook_event_seen {"senderId":"local-test-user","hasMessage":true,"hasText":true,"isEcho":false,"hasAttachments":false}
2026-03-27T21:55:04.025Z incoming_message {"senderId":"local-test-user","text":"?????????"}
2026-03-27T21:55:04.027Z webhook_post_received {"isLocalTest":true,"object":"page","entryCount":1}
2026-03-27T21:55:04.027Z webhook_event_seen {"senderId":"local-test-user","hasMessage":true,"hasText":true,"isEcho":false,"hasAttachments":false}
2026-03-27T21:55:04.028Z incoming_message {"senderId":"local-test-user","text":"??? ????"}
2026-03-27T21:55:04.062Z webhook_post_received {"isLocalTest":true,"object":"page","entryCount":1}
2026-03-27T21:55:04.062Z webhook_event_seen {"senderId":"local-test-user","hasMessage":true,"hasText":true,"isEcho":false,"hasAttachments":false}
2026-03-27T21:55:04.063Z incoming_message {"senderId":"local-test-user","text":"?? ???? ?????? ?????? ?????? ??????? ??????? ???????????? ?????? ????? ????????? ???????"}
2026-03-27T21:55:49.401Z ai_reply_ready {"senderId":"local-test-user","text":"გამარჯობა! რით შეიძლება დაგეხმაროთ?"}
2026-03-27T21:56:39.301Z ai_reply_ready {"senderId":"local-test-user","text":"გამარჯობა! რით შემიძლია დაგეხმაროთ?"}
2026-03-27T21:57:35.460Z ai_reply_ready {"senderId":"local-test-user","text":"ზუსტი ინფორმაცია არ მაქვს, ოპერატორი გადაამოწმებს."}
2026-03-27T21:59:28.542Z webhook_post_received {"isLocalTest":false,"object":"page","entryCount":1}
2026-03-27T21:59:28.543Z webhook_event_seen {"senderId":"34343437151967118","hasMessage":true,"hasText":true,"isEcho":false,"hasAttachments":false}
2026-03-27T21:59:28.543Z incoming_message {"senderId":"34343437151967118","text":"გამარჯობა"}
2026-03-27T21:59:28.544Z ai_reply_ready {"senderId":"34343437151967118","text":"გამარჯობა. თქვენ მოგვწერეთ Yumade-ს. რით დაგეხმაროთ?"}
2026-03-27T21:59:29.617Z facebook_send_success {"recipientId":"34343437151967118","messageId":"m_6L_9zOfAiLAPu2R9RNvKw-zIa-hjFu4kLh52mDrEJG0Dx5OWldL544Lett85DGueADbEB2IV-F8XoVDHn5Qedw","recipientIdReturned":"34343437151967118"}
2026-03-27T21:59:29.618Z facebook_reply_sent {"senderId":"34343437151967118"}
2026-03-27T21:59:38.847Z webhook_post_received {"isLocalTest":false,"object":"page","entryCount":1}
2026-03-27T21:59:38.847Z webhook_event_seen {"senderId":"34343437151967118","hasMessage":true,"hasText":true,"isEcho":false,"hasAttachments":false}
2026-03-27T21:59:38.848Z incoming_message {"senderId":"34343437151967118","text":"რას მთავაზობთ"}
2026-03-27T21:59:55.438Z ai_reply_ready {"senderId":"34343437151967118","text":"Yumade არის ქართული ონლაინ მაღაზია, სადაც შეგიძლიათ იპოვოთ სხვადასხვა პროდუქტი. რით შეგვეძლება დაგეხმაროთ?"}
2026-03-27T21:59:56.504Z facebook_send_success {"recipientId":"34343437151967118","messageId":"m_BROfqMGZHmMWYOsG5LwBsOzIa-hjFu4kLh52mDrEJG0yFLL5clRQbMmMCsUIIpG65rrwPlC0JFNd7HSF9al8Vw","recipientIdReturned":"34343437151967118"}
2026-03-27T21:59:56.505Z facebook_reply_sent {"senderId":"34343437151967118"}
2026-03-27T22:07:41.396Z webhook_post_received {"isLocalTest":false,"object":"page","entryCount":1}
2026-03-27T22:07:41.396Z webhook_event_seen {"senderId":"34343437151967118","hasMessage":true,"hasText":true,"isEcho":false,"hasAttachments":false}
2026-03-27T22:07:41.397Z incoming_message {"senderId":"34343437151967118","text":"ვებ გვერდი რომ მომწერო"}
2026-03-27T22:08:32.957Z ai_reply_ready {"senderId":"34343437151967118","text":"გაუგებარია, რომელგვარად გსურთ ვებ‑გვერდის შექმნა? ზუსტ დეტალს ოპერატორი გადაამოწმებს."}
2026-03-27T22:08:34.034Z facebook_send_success {"recipientId":"34343437151967118","messageId":"m_KAALCU2WroZ49BVvM5UT0ezIa-hjFu4kLh52mDrEJG0eZowfGvAJGx8ap9xM4j7FZyneWu_0Mb1hvX-pXxnnsg","recipientIdReturned":"34343437151967118"}
2026-03-27T22:08:34.034Z facebook_reply_sent {"senderId":"34343437151967118"}
2026-03-27T22:08:56.283Z webhook_post_received {"isLocalTest":false,"object":"page","entryCount":1}
2026-03-27T22:08:56.283Z webhook_event_seen {"senderId":"34343437151967118","hasMessage":true,"hasText":true,"isEcho":false,"hasAttachments":false}
2026-03-27T22:08:56.284Z incoming_message {"senderId":"34343437151967118","text":"რა კომპანიას წარმოადგენ"}
2026-03-27T22:10:22.048Z ai_reply_ready {"senderId":"34343437151967118","text":"ზუსტი დეტალს ოპერატორი გადაამოწმებს. გთხოვთ, მომართეთ სხვა შეკითხვები."}
2026-03-27T22:10:23.265Z facebook_send_success {"recipientId":"34343437151967118","messageId":"m_03tMbhms9tZ7Oh_bn7GfguzIa-hjFu4kLh52mDrEJG069jlh2Bog7jeyKVX7s3jIFehTqg3YfPcNVGC-N5lVmA","recipientIdReturned":"34343437151967118"}
2026-03-27T22:10:23.266Z facebook_reply_sent {"senderId":"34343437151967118"}
2026-03-27T22:15:58.978Z webhook_post_received {"isLocalTest":true,"object":"page","entryCount":1}
2026-03-27T22:15:58.978Z webhook_event_seen {"senderId":"local-chat-user","hasMessage":true,"hasText":true,"isEcho":false,"hasAttachments":false}
2026-03-27T22:15:58.979Z incoming_message {"senderId":"local-chat-user","text":"Hello, do you have this product in stock?"}
2026-03-27T22:16:35.080Z webhook_post_received {"isLocalTest":false,"object":"page","entryCount":1}
2026-03-27T22:16:35.084Z webhook_event_seen {"senderId":"34343437151967118","hasMessage":true,"hasText":true,"isEcho":false,"hasAttachments":false}
2026-03-27T22:16:35.085Z incoming_message {"senderId":"34343437151967118","text":"გამარჯობა"}
2026-03-27T22:16:35.127Z ai_reply_ready {"senderId":"34343437151967118","text":"გამარჯობა. თქვენ მოგვწერეთ ჩვენს მაღაზიას-ს. რით დაგეხმაროთ?"}
2026-03-27T22:16:36.353Z facebook_send_success {"recipientId":"34343437151967118","messageId":"m_tGStXJqVCNhhopAXNYjJn-zIa-hjFu4kLh52mDrEJG2YiXVn3-8CkENjnqe1DreS6b7CXRyUAlEePTiJNC7JiQ","recipientIdReturned":"34343437151967118"}
2026-03-27T22:16:36.354Z facebook_reply_sent {"senderId":"34343437151967118"}
2026-03-27T22:16:51.021Z webhook_post_received {"isLocalTest":false,"object":"page","entryCount":1}
2026-03-27T22:16:51.022Z webhook_event_seen {"senderId":"34343437151967118","hasMessage":true,"hasText":true,"isEcho":false,"hasAttachments":false}
2026-03-27T22:16:51.022Z incoming_message {"senderId":"34343437151967118","text":"რა მაღაზიას"}
2026-03-27T22:17:33.770Z ai_reply_ready {"senderId":"local-chat-user","text":"ზუსტი დეტალს ოპერატორი გადაამოწმებს. გინდათ კონსულტაცია?"}
2026-03-27T22:18:20.291Z ai_reply_ready {"senderId":"34343437151967118","text":"გთხოვთ, მოგვაწოდოთ მეტი დეტალი, მაგალითად პროდუქტის ნომერი ან სახელი, რათა დავადგინოთ მაღაზია."}
2026-03-27T22:18:21.688Z facebook_send_success {"recipientId":"34343437151967118","messageId":"m_ZfKUYrBgxlHHkcB-EIS1kezIa-hjFu4kLh52mDrEJG3_7hWw5D6f37HqsN9m_OCujW6hBADK4E_7CrqMUwKdog","recipientIdReturned":"34343437151967118"}
2026-03-27T22:18:21.689Z facebook_reply_sent {"senderId":"34343437151967118"}
2026-03-28T08:05:08.730Z webhook_post_received {"isLocalTest":true,"object":"page","entryCount":1}
2026-03-28T08:05:08.731Z webhook_event_seen {"senderId":"local-test-user","hasMessage":true,"hasText":true,"isEcho":false,"hasAttachments":false}
2026-03-28T08:05:08.735Z incoming_message {"senderId":"local-test-user","text":"გამარჯობა"}
2026-03-28T08:05:08.738Z ai_reply_ready {"senderId":"local-test-user","text":"გამარჯობა. თქვენ მოგვწერეთ Yumade-ს. რით დაგეხმაროთ?"}
2026-03-28T08:42:44.228Z webhook_post_received {"isLocalTest":false,"object":"page","entryCount":1}
2026-03-28T08:42:44.229Z webhook_event_seen {"senderId":"debug-user-1","hasMessage":true,"hasText":true,"isEcho":false,"hasAttachments":false}
2026-03-28T08:42:44.232Z incoming_message {"senderId":"debug-user-1","text":"?????????"}
2026-03-28T08:42:46.613Z message_processing_error {"senderId":"debug-user-1","error":"memory layout cannot be allocated"}
2026-03-28T08:42:47.337Z facebook_send_error {"recipientId":"debug-user-1","message":"(#100) Param recipient[id] must be a valid ID string (e.g., \"123\")","code":100,"subcode":null}
2026-03-28T08:42:47.355Z fallback_send_error {"senderId":"debug-user-1","error":"(#100) Param recipient[id] must be a valid ID string (e.g., \"123\")"}
2026-03-28T08:46:18.081Z webhook_post_received {"isLocalTest":false,"object":"page","entryCount":1}
2026-03-28T08:46:18.082Z webhook_event_seen {"senderId":"debug-user-2","hasMessage":true,"hasText":true,"isEcho":false,"hasAttachments":false}
2026-03-28T08:46:18.083Z incoming_message {"senderId":"debug-user-2","text":"?????????"}
2026-03-28T08:47:23.647Z ai_reply_ready {"senderId":"debug-user-2","text":"ზუსტი დეტალს ოპერატორი გადაამოწმებს."}
2026-03-28T08:47:24.327Z facebook_send_error {"recipientId":"debug-user-2","message":"(#100) Param recipient[id] must be a valid ID string (e.g., \"123\")","code":100,"subcode":null}
2026-03-28T08:47:24.328Z message_processing_error {"senderId":"debug-user-2","error":"(#100) Param recipient[id] must be a valid ID string (e.g., \"123\")"}
2026-03-28T08:47:24.959Z facebook_send_error {"recipientId":"debug-user-2","message":"(#100) Param recipient[id] must be a valid ID string (e.g., \"123\")","code":100,"subcode":null}
2026-03-28T08:47:25.054Z fallback_send_error {"senderId":"debug-user-2","error":"(#100) Param recipient[id] must be a valid ID string (e.g., \"123\")"}
2026-03-28T08:48:38.282Z webhook_post_received {"isLocalTest":true,"object":"page","entryCount":1}
2026-03-28T08:48:38.283Z webhook_event_seen {"senderId":"local-test-user","hasMessage":true,"hasText":true,"isEcho":false,"hasAttachments":false}
2026-03-28T08:48:38.285Z incoming_message {"senderId":"local-test-user","text":"?????????"}
2026-03-28T08:48:38.292Z webhook_post_received {"isLocalTest":true,"object":"page","entryCount":1}
2026-03-28T08:48:38.292Z webhook_event_seen {"senderId":"local-test-user","hasMessage":true,"hasText":true,"isEcho":false,"hasAttachments":false}
2026-03-28T08:48:38.294Z incoming_message {"senderId":"local-test-user","text":"????????? ?????"}
2026-03-28T08:49:32.549Z message_processing_error {"senderId":"local-test-user","error":"extractStoreName is not defined"}
2026-03-28T08:49:35.454Z webhook_post_received {"isLocalTest":true,"object":"page","entryCount":1}
2026-03-28T08:49:35.455Z webhook_event_seen {"senderId":"local-test-user","hasMessage":true,"hasText":true,"isEcho":false,"hasAttachments":false}
2026-03-28T08:49:35.457Z incoming_message {"senderId":"local-test-user","text":"agent"}
2026-03-28T08:49:35.474Z webhook_post_received {"isLocalTest":true,"object":"page","entryCount":1}
2026-03-28T08:49:35.475Z webhook_event_seen {"senderId":"local-test-user","hasMessage":true,"hasText":true,"isEcho":false,"hasAttachments":false}
2026-03-28T08:49:35.478Z incoming_message {"senderId":"local-test-user","text":"hi"}
2026-03-28T08:49:35.484Z ai_reply_ready {"senderId":"local-test-user","text":"გამარჯობა. თქვენ მოგვწერეთ Yumade-ს. რით დაგეხმაროთ?"}
2026-03-28T08:49:56.243Z message_processing_error {"senderId":"local-test-user","error":"extractStoreName is not defined"}
2026-03-28T08:50:56.311Z webhook_post_received {"isLocalTest":false,"object":"page","entryCount":1}
2026-03-28T08:50:56.311Z webhook_event_seen {"senderId":"1234567890123456","hasMessage":true,"hasText":true,"isEcho":false,"hasAttachments":false}
2026-03-28T08:50:56.312Z incoming_message {"senderId":"1234567890123456","text":"what products do you have"}
2026-03-28T08:50:56.321Z webhook_post_received {"isLocalTest":true,"object":"page","entryCount":1}
2026-03-28T08:50:56.321Z webhook_event_seen {"senderId":"local-test-user","hasMessage":true,"hasText":true,"isEcho":false,"hasAttachments":false}
2026-03-28T08:50:56.322Z incoming_message {"senderId":"local-test-user","text":"what products do you have"}
2026-03-28T08:50:57.085Z facebook_send_error {"recipientId":"1234567890123456","message":"(#100) No matching user found","code":100,"subcode":2018001}
2026-03-28T08:50:57.085Z message_processing_error {"senderId":"1234567890123456","error":"(#100) No matching user found"}
2026-03-28T08:50:57.794Z facebook_send_error {"recipientId":"1234567890123456","message":"(#100) No matching user found","code":100,"subcode":2018001}
2026-03-28T08:50:57.871Z fallback_send_error {"senderId":"1234567890123456","error":"(#100) No matching user found"}
2026-03-28T08:52:10.077Z webhook_post_received {"isLocalTest":true,"object":"page","entryCount":1}
2026-03-28T08:52:10.078Z webhook_event_seen {"senderId":"local-test-user","hasMessage":true,"hasText":true,"isEcho":false,"hasAttachments":false}
2026-03-28T08:52:10.078Z incoming_message {"senderId":"local-test-user","text":"agent"}
2026-03-28T08:52:10.084Z webhook_post_received {"isLocalTest":true,"object":"page","entryCount":1}
2026-03-28T08:52:10.085Z webhook_event_seen {"senderId":"local-test-user","hasMessage":true,"hasText":true,"isEcho":false,"hasAttachments":false}
2026-03-28T08:52:10.085Z incoming_message {"senderId":"local-test-user","text":"what products do you have"}
2026-03-28T08:55:13.597Z facebook_send_error {"recipientId":"1234567890123456","message":"(#100) No matching user found","code":100,"subcode":2018001}
2026-03-28T08:55:39.930Z facebook_send_error {"recipientId":"1234567890123456","message":"(#100) No matching user found","code":100,"subcode":2018001}
2026-03-28T08:56:25.305Z facebook_send_error {"recipientId":"1234567890123456","message":"(#100) No matching user found","code":100,"subcode":2018001}
2026-03-28T09:13:59.297Z webhook_post_received {"isLocalTest":true,"object":"page","entryCount":1}
2026-03-28T09:13:59.297Z webhook_event_seen {"senderId":"local-test-user","hasMessage":true,"hasText":true,"isEcho":false,"hasAttachments":false}
2026-03-28T09:13:59.299Z incoming_message {"senderId":"local-test-user","text":"????????? ?????"}
2026-03-28T09:13:59.585Z webhook_post_received {"isLocalTest":true,"object":"page","entryCount":1}
2026-03-28T09:13:59.585Z webhook_event_seen {"senderId":"local-test-user","hasMessage":true,"hasText":true,"isEcho":false,"hasAttachments":false}
2026-03-28T09:13:59.586Z incoming_message {"senderId":"local-test-user","text":"hi"}
2026-03-28T09:14:11.423Z ai_reply_ready {"senderId":"local-test-user","text":"გთხოვთ, მოგვწერეთ მოკლე ტექსტური შეტყობინება."}
2026-03-28T09:14:20.601Z webhook_post_received {"isLocalTest":true,"object":"page","entryCount":1}
2026-03-28T09:14:20.601Z webhook_event_seen {"senderId":"local-test-user","hasMessage":true,"hasText":true,"isEcho":false,"hasAttachments":false}
2026-03-28T09:14:20.602Z incoming_message {"senderId":"local-test-user","text":"agent"}
2026-03-28T09:20:15.779Z webhook_post_received {"isLocalTest":true,"object":"page","entryCount":1}
2026-03-28T09:20:15.779Z webhook_event_seen {"senderId":"local-test-user","hasMessage":true,"hasText":true,"isEcho":false,"hasAttachments":false}
2026-03-28T09:20:15.781Z incoming_message {"senderId":"local-test-user","text":"hello"}
2026-03-28T09:20:15.792Z webhook_post_received {"isLocalTest":true,"object":"page","entryCount":1}
2026-03-28T09:20:15.792Z webhook_event_seen {"senderId":"local-test-user","hasMessage":true,"hasText":true,"isEcho":false,"hasAttachments":false}
2026-03-28T09:20:15.793Z incoming_message {"senderId":"local-test-user","text":"what products do you have"}
2026-03-28T09:22:13.729Z webhook_post_received {"isLocalTest":false,"object":"page","entryCount":1}
2026-03-28T09:22:13.729Z webhook_event_seen {"senderId":"local-test-user","hasMessage":true,"hasText":true,"isEcho":false,"hasAttachments":false}
2026-03-28T09:22:13.730Z incoming_message {"senderId":"local-test-user","text":"?????????"}
2026-03-28T09:22:25.751Z ai_reply_ready {"senderId":"local-test-user","text":"გთხოვთ, მოგვწერეთ მოკლე ტექსტური შეტყობინება."}
2026-03-28T09:22:26.409Z facebook_send_error {"recipientId":"local-test-user","message":"(#100) Param recipient[id] must be a valid ID string (e.g., \"123\")","code":100,"subcode":null}
2026-03-28T09:22:26.409Z message_processing_error {"senderId":"local-test-user","error":"(#100) Param recipient[id] must be a valid ID string (e.g., \"123\")"}
2026-03-28T09:22:27.053Z facebook_send_error {"recipientId":"local-test-user","message":"(#100) Param recipient[id] must be a valid ID string (e.g., \"123\")","code":100,"subcode":null}
2026-03-28T09:22:27.173Z fallback_send_error {"senderId":"local-test-user","error":"(#100) Param recipient[id] must be a valid ID string (e.g., \"123\")"}
2026-03-28T09:23:17.171Z webhook_post_received {"isLocalTest":true,"object":"page","entryCount":1}
2026-03-28T09:23:17.172Z webhook_event_seen {"senderId":"local-test-user","hasMessage":true,"hasText":true,"isEcho":false,"hasAttachments":false}
2026-03-28T09:23:17.172Z incoming_message {"senderId":"local-test-user","text":"?????????"}
2026-03-28T09:23:29.185Z ai_reply_ready {"senderId":"local-test-user","text":"გთხოვთ, მოგვწერეთ მოკლე ტექსტური შეტყობინება."}
2026-03-28T09:31:48.539Z webhook_post_received {"isLocalTest":true,"object":"page","entryCount":1}
2026-03-28T09:31:48.540Z webhook_event_seen {"senderId":"local-test-user","hasMessage":true,"hasText":true,"isEcho":false,"hasAttachments":false}
2026-03-28T09:31:48.541Z incoming_message {"senderId":"local-test-user","text":"გამარჯობა"}
2026-03-28T09:31:56.993Z facebook_send_error {"recipientId":"local-test-user","message":"(#100) Param recipient[id] must be a valid ID string (e.g., \"123\")","code":100,"subcode":null}
2026-03-28T09:32:04.613Z facebook_send_error {"recipientId":"local-test-user","message":"(#100) Param recipient[id] must be a valid ID string (e.g., \"123\")","code":100,"subcode":null}
2026-03-28T09:32:07.298Z webhook_post_received {"isLocalTest":true,"object":"page","entryCount":1}
2026-03-28T09:32:07.298Z webhook_event_seen {"senderId":"local-test-user","hasMessage":true,"hasText":true,"isEcho":false,"hasAttachments":false}
2026-03-28T09:32:07.299Z duplicate_message_ignored {"senderId":"local-test-user","messageId":null,"text":"გამარჯობა"}
2026-03-28T09:32:09.201Z webhook_post_received {"isLocalTest":true,"object":"page","entryCount":1}
2026-03-28T09:32:09.201Z webhook_event_seen {"senderId":"local-test-user","hasMessage":true,"hasText":true,"isEcho":false,"hasAttachments":false}
2026-03-28T09:32:09.201Z duplicate_message_ignored {"senderId":"local-test-user","messageId":null,"text":"გამარჯობა"}
2026-03-28T09:42:03.838Z webhook_post_received {"isLocalTest":true,"object":"page","entryCount":1}
2026-03-28T09:42:03.838Z webhook_event_seen {"senderId":"local-test-user","hasMessage":true,"hasText":true,"isEcho":false,"hasAttachments":false}
2026-03-28T09:42:03.839Z incoming_message {"senderId":"local-test-user","text":"მიწოდება გაქვთ?"}
2026-03-28T09:42:07.301Z webhook_post_received {"isLocalTest":true,"object":"page","entryCount":1}
2026-03-28T09:42:07.301Z webhook_event_seen {"senderId":"local-test-user","hasMessage":true,"hasText":true,"isEcho":false,"hasAttachments":false}
2026-03-28T09:42:07.302Z incoming_message {"senderId":"local-test-user","text":"გამარჯობა"}
2026-03-28T09:42:09.055Z webhook_post_received {"isLocalTest":true,"object":"page","entryCount":1}
2026-03-28T09:42:09.055Z webhook_event_seen {"senderId":"local-test-user","hasMessage":true,"hasText":true,"isEcho":false,"hasAttachments":false}
2026-03-28T09:42:09.055Z duplicate_message_ignored {"senderId":"local-test-user","messageId":null,"text":"გამარჯობა"}
2026-03-28T09:42:10.999Z webhook_post_received {"isLocalTest":true,"object":"page","entryCount":1}
2026-03-28T09:42:11.000Z webhook_event_seen {"senderId":"local-test-user","hasMessage":true,"hasText":true,"isEcho":false,"hasAttachments":false}
2026-03-28T09:42:11.000Z duplicate_message_ignored {"senderId":"local-test-user","messageId":null,"text":"გამარჯობა"}
2026-03-28T09:42:13.551Z webhook_post_received {"isLocalTest":true,"object":"page","entryCount":1}
2026-03-28T09:42:13.552Z webhook_event_seen {"senderId":"local-test-user","hasMessage":true,"hasText":true,"isEcho":false,"hasAttachments":false}
2026-03-28T09:42:13.552Z duplicate_message_ignored {"senderId":"local-test-user","messageId":null,"text":"გამარჯობა"}
2026-03-28T09:42:15.869Z webhook_post_received {"isLocalTest":true,"object":"page","entryCount":1}
2026-03-28T09:42:15.869Z webhook_event_seen {"senderId":"local-test-user","hasMessage":true,"hasText":true,"isEcho":false,"hasAttachments":false}
2026-03-28T09:42:15.870Z duplicate_message_ignored {"senderId":"local-test-user","messageId":null,"text":"მიწოდება გაქვთ?"}
2026-03-28T09:43:06.497Z webhook_post_received {"isLocalTest":true,"object":"page","entryCount":1}
2026-03-28T09:43:06.497Z webhook_event_seen {"senderId":"local-test-user","hasMessage":true,"hasText":false,"isEcho":false,"hasAttachments":false}
2026-03-28T09:43:19.310Z webhook_post_received {"isLocalTest":true,"object":"page","entryCount":1}
2026-03-28T09:43:19.310Z webhook_event_seen {"senderId":"local-test-user","hasMessage":true,"hasText":true,"isEcho":false,"hasAttachments":false}
2026-03-28T09:43:19.311Z incoming_message {"senderId":"local-test-user","text":"მიწოდება გაქვთ?"}
2026-03-28T09:44:13.733Z webhook_post_received {"isLocalTest":true,"object":"page","entryCount":1}
2026-03-28T09:44:13.733Z webhook_event_seen {"senderId":"local-test-user","hasMessage":true,"hasText":false,"isEcho":false,"hasAttachments":false}
2026-03-28T09:45:11.031Z webhook_post_received {"isLocalTest":true,"object":"page","entryCount":1}
2026-03-28T09:45:11.031Z webhook_event_seen {"senderId":"local-test-user","hasMessage":true,"hasText":true,"isEcho":false,"hasAttachments":false}
2026-03-28T09:45:11.032Z incoming_message {"senderId":"local-test-user","text":"???????? ??????"}
2026-03-28T09:45:21.761Z ai_reply_ready {"senderId":"local-test-user","text":"მავლერი წაღმოხებულდი თიში. გადაამოწმებს ნავჰიცინტი ?????."}
2026-03-28T09:46:41.546Z webhook_post_received {"isLocalTest":true,"object":"page","entryCount":1}
2026-03-28T09:46:41.546Z webhook_event_seen {"senderId":"local-test-user","hasMessage":true,"hasText":true,"isEcho":false,"hasAttachments":false}
2026-03-28T09:46:41.547Z incoming_message {"senderId":"local-test-user","text":"გამარჯობა"}
2026-03-28T09:46:41.548Z ai_reply_ready {"senderId":"local-test-user","text":"გამარჯობა. თქვენ მოგვწერეთ Yumade-ს. რით დაგეხმაროთ?"}
2026-03-28T09:48:04.995Z webhook_post_received {"isLocalTest":true,"object":"page","entryCount":1}
2026-03-28T09:48:04.996Z webhook_event_seen {"senderId":"local-test-user","hasMessage":true,"hasText":true,"isEcho":false,"hasAttachments":false}
2026-03-28T09:48:04.997Z incoming_message {"senderId":"local-test-user","text":"მიწოდება გაქვთ?"}
2026-03-28T09:48:04.998Z ai_reply_ready {"senderId":"local-test-user","text":"კი, მიწოდების ზუსტ დროს და პირობებს ოპერატორი დაგიზუსტებთ."}
2026-03-28T09:49:15.029Z webhook_post_received {"isLocalTest":true,"object":"page","entryCount":1}
2026-03-28T09:49:15.029Z webhook_event_seen {"senderId":"local-test-user","hasMessage":true,"hasText":true,"isEcho":false,"hasAttachments":false}
2026-03-28T09:49:15.030Z incoming_message {"senderId":"local-test-user","text":"ai ვესაუბრები/~"}
2026-03-28T09:49:27.042Z ai_reply_ready {"senderId":"local-test-user","text":"Yumade-ს შესახებ ზუსტ დეტალს ოპერატორი გადაამოწმებს. თუ გინდათ, მომწერეთ კითხვა მოკლედ."}
2026-03-28T09:53:45.325Z webhook_verified {"mode":"subscribe"}
2026-03-28T09:54:59.809Z webhook_post_received {"isLocalTest":false,"object":"page","entryCount":1}
2026-03-28T09:54:59.810Z webhook_event_seen {"senderId":"34343437151967118","hasMessage":true,"hasText":true,"isEcho":false,"hasAttachments":false}
2026-03-28T09:54:59.811Z incoming_message {"senderId":"34343437151967118","text":"გამარჯობა"}
2026-03-28T09:54:59.816Z ai_reply_ready {"senderId":"34343437151967118","text":"გამარჯობა. თქვენ მოგვწერეთ Yumade-ს. რით დაგეხმაროთ?"}
2026-03-28T09:55:01.427Z facebook_send_success {"recipientId":"34343437151967118","messageId":"m_mieLgMf-Ju4vZCSMoarmdezIa-hjFu4kLh52mDrEJG2SfQs0hi61hQ4SLBwG-_er-1mO3edMIjwX02IIjxbiKA","recipientIdReturned":"34343437151967118"}
2026-03-28T09:55:01.430Z facebook_reply_sent {"senderId":"34343437151967118"}
2026-03-28T09:55:02.452Z webhook_post_received {"isLocalTest":false,"object":"page","entryCount":1}
2026-03-28T09:55:02.453Z webhook_event_seen {"senderId":"34343437151967118","hasMessage":true,"hasText":true,"isEcho":false,"hasAttachments":false}
2026-03-28T09:55:02.454Z duplicate_message_ignored {"senderId":"34343437151967118","messageId":"m_1hBKKvKMq19C75KdI43cl-zIa-hjFu4kLh52mDrEJG06x74nGxZKngaLlPeJ33x6r65RZ5KHuFAoczjRPTZxvQ","text":"გამარჯობა"}
2026-03-28T09:55:03.610Z webhook_post_received {"isLocalTest":false,"object":"page","entryCount":1}
2026-03-28T09:55:03.610Z webhook_event_seen {"senderId":"34343437151967118","hasMessage":true,"hasText":true,"isEcho":false,"hasAttachments":false}
2026-03-28T09:55:03.610Z duplicate_message_ignored {"senderId":"34343437151967118","messageId":"m_nRmYQSEPiH4-eXSzHjmNguzIa-hjFu4kLh52mDrEJG2yZt7FaUqU4S8bIN3nNXcYJlqWzhOGw4UUshhEvhW2kA","text":"გამარჯობა"}
2026-03-28T09:55:04.646Z webhook_post_received {"isLocalTest":false,"object":"page","entryCount":1}
2026-03-28T09:55:04.646Z webhook_event_seen {"senderId":"34343437151967118","hasMessage":true,"hasText":true,"isEcho":false,"hasAttachments":false}
2026-03-28T09:55:04.647Z duplicate_message_ignored {"senderId":"34343437151967118","messageId":"m_mWNnAuuPUI3pCzEx9zooUezIa-hjFu4kLh52mDrEJG36JRO_XdIrV2L6hfRLEld54IeRdU6ePBSM1Iws1FmM2g","text":"გამარჯობა"}
2026-03-28T09:55:05.488Z webhook_post_received {"isLocalTest":false,"object":"page","entryCount":1}
2026-03-28T09:55:05.489Z webhook_event_seen {"senderId":"34343437151967118","hasMessage":true,"hasText":true,"isEcho":false,"hasAttachments":false}
2026-03-28T09:55:05.489Z duplicate_message_ignored {"senderId":"34343437151967118","messageId":"m_RQR_PJ9fNzeQWDx2mOiBr-zIa-hjFu4kLh52mDrEJG1iRO-Gz_XnTPxQU3ShG_XZng62k_JaQfAjhZj9MIU5UA","text":"გამარჯობა"}
2026-03-28T09:55:06.580Z webhook_post_received {"isLocalTest":false,"object":"page","entryCount":1}
2026-03-28T09:55:06.580Z webhook_event_seen {"senderId":"34343437151967118","hasMessage":true,"hasText":true,"isEcho":false,"hasAttachments":false}
2026-03-28T09:55:06.581Z duplicate_message_ignored {"senderId":"34343437151967118","messageId":"m_rIOXsAcgd2OOzMiFrL55e-zIa-hjFu4kLh52mDrEJG2J7DtPN5qELWI-6NSVmbTrKyhWqhL1I70FC_A90lp8JQ","text":"გამარჯობა"}
2026-03-28T09:55:07.666Z webhook_post_received {"isLocalTest":false,"object":"page","entryCount":1}
2026-03-28T09:55:07.666Z webhook_event_seen {"senderId":"34343437151967118","hasMessage":true,"hasText":true,"isEcho":false,"hasAttachments":false}
2026-03-28T09:55:07.667Z incoming_message {"senderId":"34343437151967118","text":"gamarjoba"}
2026-03-28T09:55:19.689Z ai_reply_ready {"senderId":"34343437151967118","text":"Yumade-ს შესახებ ზუსტ დეტალს ოპერატორი გადაამოწმებს. თუ გინდათ, მომწერეთ კითხვა მოკლედ."}
2026-03-28T09:55:20.457Z facebook_send_success {"recipientId":"34343437151967118","messageId":"m_05PMNd1nNGxX6Klar1m1POzIa-hjFu4kLh52mDrEJG3k6YELQc__Ysh2RUNRL6FuuPEwlN6ycHpda4Vus2Us3Q","recipientIdReturned":"34343437151967118"}
2026-03-28T09:55:20.460Z facebook_reply_sent {"senderId":"34343437151967118"}
2026-03-28T09:55:21.275Z webhook_post_received {"isLocalTest":false,"object":"page","entryCount":1}
2026-03-28T09:55:21.275Z webhook_event_seen {"senderId":"34343437151967118","hasMessage":true,"hasText":true,"isEcho":false,"hasAttachments":false}
2026-03-28T09:55:21.276Z duplicate_message_ignored {"senderId":"34343437151967118","messageId":"m_CeUxvuCcsJUoPXYdmHRRD-zIa-hjFu4kLh52mDrEJG3mv0KuEVdCecmjbYVq8t_kPOQHHXWXlyEp5rtxR5Bnvg","text":"გამარჯობა"}
2026-03-28T09:55:22.108Z webhook_post_received {"isLocalTest":false,"object":"page","entryCount":1}
2026-03-28T09:55:22.109Z webhook_event_seen {"senderId":"34343437151967118","hasMessage":true,"hasText":true,"isEcho":false,"hasAttachments":false}
2026-03-28T09:55:22.109Z duplicate_message_ignored {"senderId":"34343437151967118","messageId":"m_dv7JUY5ns9yYvOy5-8ejZ-zIa-hjFu4kLh52mDrEJG2f-U6hDTG-wSJasev45sIz8TCKxpkZf9_FGJoQp8YupQ","text":"გამარჯობა"}
2026-03-28T09:55:22.840Z webhook_post_received {"isLocalTest":false,"object":"page","entryCount":1}
2026-03-28T09:55:22.840Z webhook_event_seen {"senderId":"34343437151967118","hasMessage":true,"hasText":true,"isEcho":false,"hasAttachments":false}
2026-03-28T09:55:22.840Z duplicate_message_ignored {"senderId":"34343437151967118","messageId":"m_BuMnkT3B-9e9ZtMAT3KmW-zIa-hjFu4kLh52mDrEJG1Utf4BeMofCjDm1Fpk4yES2sz3D8jAACrfniRMrwjZqQ","text":"გამარჯობა"}
2026-03-28T09:55:23.674Z webhook_post_received {"isLocalTest":false,"object":"page","entryCount":1}
2026-03-28T09:55:23.674Z webhook_event_seen {"senderId":"34343437151967118","hasMessage":true,"hasText":true,"isEcho":false,"hasAttachments":false}
2026-03-28T09:55:23.674Z duplicate_message_ignored {"senderId":"34343437151967118","messageId":"m__dfXPwHzvdq2EuS8nGM18OzIa-hjFu4kLh52mDrEJG0U8qGLxbKJ9OkELjAhtcGIEcc8I4ShA2XaeYnUyigkrw","text":"გამარჯობა"}
2026-03-28T09:55:24.485Z webhook_post_received {"isLocalTest":false,"object":"page","entryCount":1}
2026-03-28T09:55:24.486Z webhook_event_seen {"senderId":"34343437151967118","hasMessage":true,"hasText":true,"isEcho":false,"hasAttachments":false}
2026-03-28T09:55:24.486Z duplicate_message_ignored {"senderId":"34343437151967118","messageId":"m_0C6DNDM4m8ruU4acjHM1juzIa-hjFu4kLh52mDrEJG0c6-mDDXK2SHyyL47sdQltoscmn4-J_eNbWZZvrkdtvQ","text":"გამარჯობა"}
2026-03-28T09:55:25.363Z webhook_post_received {"isLocalTest":false,"object":"page","entryCount":1}
2026-03-28T09:55:25.363Z webhook_event_seen {"senderId":"34343437151967118","hasMessage":true,"hasText":true,"isEcho":false,"hasAttachments":false}
2026-03-28T09:55:25.363Z duplicate_message_ignored {"senderId":"34343437151967118","messageId":"m_tNCL2zlBspxwHQoswzVqf-zIa-hjFu4kLh52mDrEJG1CfO2jFkzOA-NU6O9uLaZEQtb14xR9Nag6RtY6kI5Swg","text":"გამარჯობა"}
2026-03-28T09:55:26.140Z webhook_post_received {"isLocalTest":false,"object":"page","entryCount":1}
2026-03-28T09:55:26.140Z webhook_event_seen {"senderId":"34343437151967118","hasMessage":true,"hasText":true,"isEcho":false,"hasAttachments":false}
2026-03-28T09:55:26.141Z duplicate_message_ignored {"senderId":"34343437151967118","messageId":"m_imUV_1uKuc6m7EwBuZnnguzIa-hjFu4kLh52mDrEJG0L-dZpkqSY50J_PL1gl7hDhUMhg3lutUIAJuOG0wIqtw","text":"გამარჯობა"}
2026-03-28T09:56:22.443Z webhook_post_received {"isLocalTest":true,"object":"page","entryCount":1}
2026-03-28T09:56:22.443Z webhook_event_seen {"senderId":"local-test-user","hasMessage":true,"hasText":true,"isEcho":false,"hasAttachments":false}
2026-03-28T09:56:22.444Z incoming_message {"senderId":"local-test-user","text":"მიწოდება გაქვთ?"}
2026-03-28T09:56:22.445Z ai_reply_ready {"senderId":"local-test-user","text":"კი, მიწოდების ზუსტ დროს და პირობებს ოპერატორი დაგიზუსტებთ."}
2026-03-28T09:59:25.958Z facebook_send_success {"recipientId":"34343437151967118","messageId":"m_FVkCf3FOH8mM2Jm_tJB0dOzIa-hjFu4kLh52mDrEJG3JX2W7-srXke96j8_SJ2ZcLwv5RJmJYJH5yg2EAaVLGA","recipientIdReturned":"34343437151967118"}
2026-03-28T09:59:40.617Z webhook_post_received {"isLocalTest":false,"object":"page","entryCount":1}
2026-03-28T09:59:40.617Z webhook_event_seen {"senderId":"34343437151967118","hasMessage":true,"hasText":true,"isEcho":false,"hasAttachments":false}
2026-03-28T09:59:40.618Z incoming_message {"senderId":"34343437151967118","text":"კი პრობლემა მაქვს."}
2026-03-28T09:59:40.621Z conversation_waiting_human {"senderId":"34343437151967118","status":"needs_human"}
2026-03-28T10:03:34.630Z facebook_send_success {"recipientId":"34343437151967118","messageId":"m_uW0RKLzh9iD4cFCUN8x2LuzIa-hjFu4kLh52mDrEJG0YSnIN0w4Z2jxuN-o5SL4mZnW_2FlcR51pyjqIMBrzVw","recipientIdReturned":"34343437151967118"}
2026-03-28T10:03:50.747Z webhook_post_received {"isLocalTest":false,"object":"page","entryCount":1}
2026-03-28T10:03:50.747Z webhook_event_seen {"senderId":"34343437151967118","hasMessage":true,"hasText":true,"isEcho":false,"hasAttachments":false}
2026-03-28T10:03:50.748Z incoming_message {"senderId":"34343437151967118","text":"კარგად შენ როგორ ხარ."}
2026-03-28T10:04:02.291Z ai_reply_ready {"senderId":"34343437151967118","text":"მიულა, ვის თქვებ კარგად შენ როგორ ხარ."}
2026-03-28T10:04:03.352Z facebook_send_success {"recipientId":"34343437151967118","messageId":"m_5AOl2p85Y9T_g7Z5x4XPo-zIa-hjFu4kLh52mDrEJG3UKfP68Z9wwb5_5VMvwstefxe3Rfcy62uhvLbvhlq8sg","recipientIdReturned":"34343437151967118"}
2026-03-28T10:04:03.354Z facebook_reply_sent {"senderId":"34343437151967118"}
2026-03-28T10:08:40.888Z webhook_post_received {"isLocalTest":true,"object":"page","entryCount":1}
2026-03-28T10:08:40.889Z webhook_event_seen {"senderId":"local-test-user","hasMessage":true,"hasText":true,"isEcho":false,"hasAttachments":false}
2026-03-28T10:08:40.890Z incoming_message {"senderId":"local-test-user","text":"??? ????????"}
2026-03-28T10:08:48.077Z ai_reply_ready {"senderId":"local-test-user","text":"გთხოვთ, მოგვწერეთ მოკლე ტექსტური შეტყობინება."}
2026-03-28T10:08:48.091Z webhook_post_received {"isLocalTest":true,"object":"page","entryCount":1}
2026-03-28T10:08:48.091Z webhook_event_seen {"senderId":"local-test-user","hasMessage":true,"hasText":true,"isEcho":false,"hasAttachments":false}
2026-03-28T10:08:48.092Z incoming_message {"senderId":"local-test-user","text":"Meta ???????? ????????"}
2026-03-28T10:08:55.299Z ai_reply_ready {"senderId":"local-test-user","text":"რეკლამის მიმართულებით დაგეხმარებით. მოგვწერეთ რა ბიზნესზე ან რა მიზანზე გინდათ მუშაობა და ოპერატორი დაგიზუსტებთ დეტალებს."}
2026-03-28T10:08:55.306Z webhook_post_received {"isLocalTest":true,"object":"page","entryCount":1}
2026-03-28T10:08:55.306Z webhook_event_seen {"senderId":"local-test-user","hasMessage":true,"hasText":true,"isEcho":false,"hasAttachments":false}
2026-03-28T10:08:55.307Z incoming_message {"senderId":"local-test-user","text":"???? ?? ?????"}
2026-03-28T10:09:07.084Z ai_reply_ready {"senderId":"local-test-user","text":"Meta, Facebook, Instagram, Twitter, TikTok, YouTube - სუფლოვარ მონატურალიზე დაგიზუსტებთ."}
2026-03-28T10:09:07.091Z webhook_post_received {"isLocalTest":true,"object":"page","entryCount":1}
2026-03-28T10:09:07.092Z webhook_event_seen {"senderId":"local-test-user","hasMessage":true,"hasText":true,"isEcho":false,"hasAttachments":false}
2026-03-28T10:09:07.092Z incoming_message {"senderId":"local-test-user","text":"????????? ??????"}
2026-03-28T10:09:17.829Z ai_reply_ready {"senderId":"local-test-user","text":"Meta, Facebook, Instagram, Twitter, TikTok, YouTube - სურამატიკლი ფონი. დეთვალი გაქვთ?"}
2026-03-28T10:09:17.835Z webhook_post_received {"isLocalTest":true,"object":"page","entryCount":1}
2026-03-28T10:09:17.835Z webhook_event_seen {"senderId":"local-test-user","hasMessage":true,"hasText":true,"isEcho":false,"hasAttachments":false}
2026-03-28T10:09:17.836Z incoming_message {"senderId":"local-test-user","text":"??????????? ?????"}
2026-03-28T10:09:27.807Z ai_reply_ready {"senderId":"local-test-user","text":"Meta, Facebook წმეფს ნუ? ხო და გავლე! იშვით მოღე!"}
2026-03-28T10:09:53.150Z webhook_post_received {"isLocalTest":true,"object":"page","entryCount":1}
2026-03-28T10:09:53.150Z webhook_event_seen {"senderId":"local-test-user","hasMessage":true,"hasText":true,"isEcho":false,"hasAttachments":false}
2026-03-28T10:09:53.151Z incoming_message {"senderId":"local-test-user","text":"რას აკეთებთ?"}
2026-03-28T10:09:53.152Z ai_reply_ready {"senderId":"local-test-user","text":"Yumade გეხმარება რეკლამაში, კონტენტში და სოციალური მედიის მართვაში. თუ გინდა, მომწერე ზუსტად რა სერვისი გაინტერესებს."}
2026-03-28T10:09:53.163Z webhook_post_received {"isLocalTest":true,"object":"page","entryCount":1}
2026-03-28T10:09:53.163Z webhook_event_seen {"senderId":"local-test-user","hasMessage":true,"hasText":true,"isEcho":false,"hasAttachments":false}
2026-03-28T10:09:53.164Z incoming_message {"senderId":"local-test-user","text":"Meta რეკლამას აკეთებთ?"}
2026-03-28T10:09:53.165Z ai_reply_ready {"senderId":"local-test-user","text":"კი, სარეკლამო კამპანიების დაგეგმვასა და მართვაში დაგეხმარებით. მომწერე რა ბიზნესზე ან მიზანზე გინდა მუშაობა."}
2026-03-28T10:09:53.170Z webhook_post_received {"isLocalTest":true,"object":"page","entryCount":1}
2026-03-28T10:09:53.171Z webhook_event_seen {"senderId":"local-test-user","hasMessage":true,"hasText":true,"isEcho":false,"hasAttachments":false}
2026-03-28T10:09:53.171Z incoming_message {"senderId":"local-test-user","text":"ფასი რა არის?"}
2026-03-28T10:09:53.172Z ai_reply_ready {"senderId":"local-test-user","text":"თუ გინდა, მომწერე რომელი პროდუქტი გაინტერესებს და ზუსტ დეტალს ოპერატორი გადაამოწმებს."}
2026-03-28T10:09:53.178Z webhook_post_received {"isLocalTest":true,"object":"page","entryCount":1}
2026-03-28T10:09:53.178Z webhook_event_seen {"senderId":"local-test-user","hasMessage":true,"hasText":true,"isEcho":false,"hasAttachments":false}
2026-03-28T10:09:53.179Z incoming_message {"senderId":"local-test-user","text":"პორტფოლიო გაქვთ?"}
2026-03-28T10:09:53.180Z ai_reply_ready {"senderId":"local-test-user","text":"პორტფოლიოსა და მაგალითებს ოპერატორი დაგიზუსტებთ. თუ გინდა, მომწერე რა სფეროს ნამუშევარი გაინტერესებს."}
2026-03-28T10:09:53.185Z webhook_post_received {"isLocalTest":true,"object":"page","entryCount":1}
2026-03-28T10:09:53.185Z webhook_event_seen {"senderId":"local-test-user","hasMessage":true,"hasText":true,"isEcho":false,"hasAttachments":false}
2026-03-28T10:09:53.186Z incoming_message {"senderId":"local-test-user","text":"კონსულტაცია მინდა"}
2026-03-28T10:10:32.414Z webhook_post_received {"isLocalTest":true,"object":"page","entryCount":1}
2026-03-28T10:10:32.415Z webhook_event_seen {"senderId":"local-test-user","hasMessage":true,"hasText":true,"isEcho":false,"hasAttachments":false}
2026-03-28T10:10:32.416Z incoming_message {"senderId":"local-test-user","text":"რას აკეთებთ?"}
2026-03-28T10:10:32.418Z ai_reply_ready {"senderId":"local-test-user","text":"Yumade გეხმარება რეკლამაში, კონტენტში და სოციალური მედიის მართვაში. თუ გინდა, მომწერე ზუსტად რა სერვისი გაინტერესებს."}
2026-03-28T10:10:32.430Z webhook_post_received {"isLocalTest":true,"object":"page","entryCount":1}
2026-03-28T10:10:32.431Z webhook_event_seen {"senderId":"local-test-user","hasMessage":true,"hasText":true,"isEcho":false,"hasAttachments":false}
2026-03-28T10:10:32.431Z incoming_message {"senderId":"local-test-user","text":"ფასი რა არის?"}
2026-03-28T10:10:32.433Z ai_reply_ready {"senderId":"local-test-user","text":"ფასი მომსახურების ტიპსა და მოცულობაზეა დამოკიდებული. თუ გინდა, მომწერე რომელი სერვისი გაინტერესებს და ოპერატორი დეტალს დაგიზუსტებს."}
2026-03-28T10:10:32.439Z webhook_post_received {"isLocalTest":true,"object":"page","entryCount":1}
2026-03-28T10:10:32.439Z webhook_event_seen {"senderId":"local-test-user","hasMessage":true,"hasText":true,"isEcho":false,"hasAttachments":false}
2026-03-28T10:10:32.439Z incoming_message {"senderId":"local-test-user","text":"კონსულტაცია მინდა"}
2026-03-28T10:55:39.835Z webhook_post_received {"isLocalTest":false,"object":"page","entryCount":1}
2026-03-28T10:55:39.835Z webhook_event_seen {"senderId":"34343437151967118","hasMessage":true,"hasText":true,"isEcho":false,"hasAttachments":false}
2026-03-28T10:55:39.836Z incoming_message {"senderId":"34343437151967118","text":"გამარჯობა"}
2026-03-28T10:55:40.423Z conversation_waiting_human {"senderId":"34343437151967118","status":"needs_human"}
2026-03-28T10:56:07.484Z facebook_send_success {"recipientId":"34343437151967118","messageId":"m_arcDGaAE5pRVFPL2RJkUsuzIa-hjFu4kLh52mDrEJG2NJofziuxKeF7P4rRsR6hmOREwnDTcn1l3x73xU5375g","recipientIdReturned":"34343437151967118"}
2026-03-28T10:56:26.955Z webhook_post_received {"isLocalTest":false,"object":"page","entryCount":1}
2026-03-28T10:56:26.955Z webhook_event_seen {"senderId":"34343437151967118","hasMessage":true,"hasText":true,"isEcho":false,"hasAttachments":false}
2026-03-28T10:56:26.956Z incoming_message {"senderId":"34343437151967118","text":"რა კომპანია ხართ"}
2026-03-28T10:56:27.523Z conversation_waiting_human {"senderId":"34343437151967118","status":"needs_human"}
2026-03-28T10:57:27.851Z webhook_post_received {"isLocalTest":false,"object":"page","entryCount":1}
2026-03-28T10:57:27.851Z webhook_event_seen {"senderId":"34343437151967118","hasMessage":true,"hasText":true,"isEcho":false,"hasAttachments":false}
2026-03-28T10:57:27.852Z incoming_message {"senderId":"34343437151967118","text":"გამარჯობა"}
2026-03-28T10:57:28.442Z ai_reply_ready {"senderId":"34343437151967118","text":"გამარჯობა. თქვენ მოგვწერეთ Yumade-ს. რით დაგეხმაროთ?"}
2026-03-28T10:57:29.477Z facebook_send_success {"recipientId":"34343437151967118","messageId":"m_5pSuZR-5I4N78-4s95NoZOzIa-hjFu4kLh52mDrEJG19cv3i1T9UUJoquDqJ--lrmqlYFCHXqypUdasYlKSJng","recipientIdReturned":"34343437151967118"}
2026-03-28T10:57:29.478Z facebook_reply_sent {"senderId":"34343437151967118"}
2026-03-28T10:57:40.790Z webhook_post_received {"isLocalTest":false,"object":"page","entryCount":1}
2026-03-28T10:57:40.790Z webhook_event_seen {"senderId":"34343437151967118","hasMessage":true,"hasText":true,"isEcho":false,"hasAttachments":false}
2026-03-28T10:57:40.791Z incoming_message {"senderId":"34343437151967118","text":"რა სერვისები გაქვთ?"}
2026-03-28T10:57:53.347Z ai_reply_ready {"senderId":"34343437151967118","text":"Yumade-ს შესახებ ზუსტ დეტალს ოპერატორი გადაამოწმებს. თუ გინდათ, მომწერეთ კითხვა მოკლედ."}
2026-03-28T10:57:54.416Z facebook_send_success {"recipientId":"34343437151967118","messageId":"m_5CUZYVfQ4hN9ZVW4ChYigezIa-hjFu4kLh52mDrEJG32CMfF3SNzzRjPzW097nXGpZg3lyh-FQNo7HtHHIrBug","recipientIdReturned":"34343437151967118"}
2026-03-28T10:57:54.418Z facebook_reply_sent {"senderId":"34343437151967118"}
2026-03-28T10:58:25.531Z webhook_post_received {"isLocalTest":false,"object":"page","entryCount":1}
2026-03-28T10:58:25.532Z webhook_event_seen {"senderId":"34343437151967118","hasMessage":true,"hasText":true,"isEcho":false,"hasAttachments":false}
2026-03-28T10:58:25.533Z incoming_message {"senderId":"34343437151967118","text":"Meta რეკლამას აკეთებთ?"}
2026-03-28T10:58:26.200Z ai_reply_ready {"senderId":"34343437151967118","text":"კი, სარეკლამო კამპანიების დაგეგმვასა და მართვაში დაგეხმარებით. მომწერე რა ბიზნესზე ან მიზანზე გინდა მუშაობა."}
2026-03-28T10:58:27.163Z facebook_send_success {"recipientId":"34343437151967118","messageId":"m_0mR3Jsb-IuJ9GPsA36arl-zIa-hjFu4kLh52mDrEJG3wY9FW3Uz5GDQOehMnw60oCdfLV36PuLEIdi2WniXtBg","recipientIdReturned":"34343437151967118"}
2026-03-28T10:58:27.165Z facebook_reply_sent {"senderId":"34343437151967118"}
2026-03-28T12:25:07.685Z webhook_post_received {"isLocalTest":true,"object":"page","entryCount":1}
2026-03-28T12:25:07.687Z webhook_event_seen {"senderId":"local-test-user","hasMessage":true,"hasText":true,"isEcho":false,"hasAttachments":false}
2026-03-28T12:25:07.689Z incoming_message {"senderId":"local-test-user","text":"რას აკეთებთ?"}
2026-03-28T12:25:07.694Z ai_reply_ready {"senderId":"local-test-user","text":"Yumade გეხმარება რეკლამაში, კონტენტში და სოციალური მედიის მართვაში. თუ გინდა, მომწერე ზუსტად რა სერვისი გაინტერესებს."}
2026-03-28T13:02:21.905Z webhook_post_received {"isLocalTest":true,"object":"page","entryCount":1}
2026-03-28T13:02:21.906Z webhook_event_seen {"senderId":"local-test-user","hasMessage":true,"hasText":true,"isEcho":false,"hasAttachments":false}
2026-03-28T13:02:21.908Z incoming_message {"senderId":"local-test-user","text":"ძალიან ცუდი მომსახურეობა გაქვთ"}
2026-03-28T13:02:33.924Z ai_reply_ready {"senderId":"local-test-user","text":"ზუსტი პასუხის ნაცვლად არ მინდა შეცდომაში შეგიყვანო. ოპერატორი მალევე დაგიზუსტებს დეტალებს.","source":"model_fallback","detectedIntent":"unknown","usedFeatures":["confidence_fallback"],"nextStatus":"needs_human"}
